<?xml version="1.0" encoding="UTF-8"?>
<testng-results ignored="0" total="12" passed="12" failed="0" skipped="0">
  <reporter-output>
  </reporter-output>
  <suite started-at="2022-11-18T14:01:47 IST" name="Gradle suite" finished-at="2022-11-18T14:06:01 IST" duration-ms="254026">
    <groups>
      <group name="Regression_test">
        <method signature="QKART_Tests.TestCase04()[pri:0, instance:QKART_TESTNG.QKART_Tests@337bfaee]" name="TestCase04" class="QKART_TESTNG.QKART_Tests"/>
        <method signature="QKART_Tests.TestCase06()[pri:0, instance:QKART_TESTNG.QKART_Tests@337bfaee]" name="TestCase06" class="QKART_TESTNG.QKART_Tests"/>
        <method signature="QKART_Tests.TestCase07()[pri:0, instance:QKART_TESTNG.QKART_Tests@337bfaee]" name="TestCase07" class="QKART_TESTNG.QKART_Tests"/>
        <method signature="QKART_Tests.TestCase09()[pri:0, instance:QKART_TESTNG.QKART_Tests@337bfaee]" name="TestCase09" class="QKART_TESTNG.QKART_Tests"/>
        <method signature="QKART_Tests.TestCase10()[pri:0, instance:QKART_TESTNG.QKART_Tests@337bfaee]" name="TestCase10" class="QKART_TESTNG.QKART_Tests"/>
        <method signature="QKART_Tests.TestCase11()[pri:0, instance:QKART_TESTNG.QKART_Tests@337bfaee]" name="TestCase11" class="QKART_TESTNG.QKART_Tests"/>
      </group> <!-- Regression_test -->
      <group name="Sanity_test">
        <method signature="QKART_Tests.TestCase01()[pri:0, instance:QKART_TESTNG.QKART_Tests@337bfaee]" name="TestCase01" class="QKART_TESTNG.QKART_Tests"/>
        <method signature="QKART_Tests.TestCase02()[pri:0, instance:QKART_TESTNG.QKART_Tests@337bfaee]" name="TestCase02" class="QKART_TESTNG.QKART_Tests"/>
        <method signature="QKART_Tests.TestCase03()[pri:0, instance:QKART_TESTNG.QKART_Tests@337bfaee]" name="TestCase03" class="QKART_TESTNG.QKART_Tests"/>
        <method signature="QKART_Tests.TestCase05()[pri:0, instance:QKART_TESTNG.QKART_Tests@337bfaee]" name="TestCase05" class="QKART_TESTNG.QKART_Tests"/>
        <method signature="QKART_Tests.TestCase08()[pri:0, instance:QKART_TESTNG.QKART_Tests@337bfaee]" name="TestCase08" class="QKART_TESTNG.QKART_Tests"/>
        <method signature="QKART_Tests.TestCase12()[pri:0, instance:QKART_TESTNG.QKART_Tests@337bfaee]" name="TestCase12" class="QKART_TESTNG.QKART_Tests"/>
      </group> <!-- Sanity_test -->
    </groups>
    <test started-at="2022-11-18T14:01:47 IST" name="Gradle test" finished-at="2022-11-18T14:06:01 IST" duration-ms="254026">
      <class name="QKART_TESTNG.QKART_Tests">
        <test-method is-config="true" signature="createDriver()[pri:0, instance:QKART_TESTNG.QKART_Tests@337bfaee]" started-at="2022-11-18T14:01:45 IST" name="createDriver" finished-at="2022-11-18T14:01:47 IST" duration-ms="2030" status="PASS">
          <reporter-output>
          </reporter-output>
        </test-method> <!-- createDriver -->
        <test-method signature="TestCase01()[pri:0, instance:QKART_TESTNG.QKART_Tests@337bfaee]" started-at="2022-11-18T14:01:47 IST" name="TestCase01" finished-at="2022-11-18T14:01:57 IST" duration-ms="9375" status="PASS">
          <reporter-output>
          </reporter-output>
        </test-method> <!-- TestCase01 -->
        <test-method signature="TestCase02()[pri:0, instance:QKART_TESTNG.QKART_Tests@337bfaee]" started-at="2022-11-18T14:01:57 IST" name="TestCase02" finished-at="2022-11-18T14:02:31 IST" duration-ms="33995" status="PASS">
          <reporter-output>
          </reporter-output>
        </test-method> <!-- TestCase02 -->
        <test-method signature="TestCase03()[pri:0, instance:QKART_TESTNG.QKART_Tests@337bfaee]" started-at="2022-11-18T14:02:31 IST" name="TestCase03" finished-at="2022-11-18T14:03:05 IST" duration-ms="34681" status="PASS">
          <reporter-output>
          </reporter-output>
        </test-method> <!-- TestCase03 -->
        <test-method signature="TestCase04()[pri:0, instance:QKART_TESTNG.QKART_Tests@337bfaee]" started-at="2022-11-18T14:03:05 IST" name="TestCase04" finished-at="2022-11-18T14:03:24 IST" duration-ms="18129" status="PASS">
          <reporter-output>
          </reporter-output>
        </test-method> <!-- TestCase04 -->
        <test-method signature="TestCase05()[pri:0, instance:QKART_TESTNG.QKART_Tests@337bfaee]" started-at="2022-11-18T14:03:24 IST" name="TestCase05" finished-at="2022-11-18T14:03:49 IST" duration-ms="25686" status="PASS">
          <reporter-output>
          </reporter-output>
        </test-method> <!-- TestCase05 -->
        <test-method signature="TestCase06()[pri:0, instance:QKART_TESTNG.QKART_Tests@337bfaee]" started-at="2022-11-18T14:03:49 IST" name="TestCase06" finished-at="2022-11-18T14:04:15 IST" duration-ms="26174" status="PASS">
          <reporter-output>
          </reporter-output>
        </test-method> <!-- TestCase06 -->
        <test-method signature="TestCase07()[pri:0, instance:QKART_TESTNG.QKART_Tests@337bfaee]" started-at="2022-11-18T14:04:15 IST" name="TestCase07" finished-at="2022-11-18T14:04:36 IST" duration-ms="20372" status="PASS">
          <reporter-output>
          </reporter-output>
        </test-method> <!-- TestCase07 -->
        <test-method signature="TestCase08()[pri:0, instance:QKART_TESTNG.QKART_Tests@337bfaee]" started-at="2022-11-18T14:04:36 IST" name="TestCase08" finished-at="2022-11-18T14:05:13 IST" duration-ms="37390" status="PASS">
          <reporter-output>
          </reporter-output>
        </test-method> <!-- TestCase08 -->
        <test-method signature="TestCase09()[pri:0, instance:QKART_TESTNG.QKART_Tests@337bfaee]" started-at="2022-11-18T14:05:13 IST" name="TestCase09" finished-at="2022-11-18T14:05:27 IST" duration-ms="14201" status="PASS">
          <reporter-output>
          </reporter-output>
        </test-method> <!-- TestCase09 -->
        <test-method signature="TestCase10()[pri:0, instance:QKART_TESTNG.QKART_Tests@337bfaee]" started-at="2022-11-18T14:05:27 IST" name="TestCase10" finished-at="2022-11-18T14:05:36 IST" duration-ms="8510" status="PASS">
          <reporter-output>
          </reporter-output>
        </test-method> <!-- TestCase10 -->
        <test-method signature="TestCase11()[pri:0, instance:QKART_TESTNG.QKART_Tests@337bfaee]" started-at="2022-11-18T14:05:36 IST" name="TestCase11" finished-at="2022-11-18T14:05:39 IST" duration-ms="2688" status="PASS">
          <reporter-output>
          </reporter-output>
        </test-method> <!-- TestCase11 -->
        <test-method signature="TestCase12()[pri:0, instance:QKART_TESTNG.QKART_Tests@337bfaee]" started-at="2022-11-18T14:05:39 IST" name="TestCase12" finished-at="2022-11-18T14:06:01 IST" duration-ms="22646" status="PASS">
          <reporter-output>
          </reporter-output>
        </test-method> <!-- TestCase12 -->
        <test-method is-config="true" signature="quitDriver()[pri:0, instance:QKART_TESTNG.QKART_Tests@337bfaee]" started-at="2022-11-18T14:06:01 IST" name="quitDriver" finished-at="2022-11-18T14:06:02 IST" duration-ms="118" status="PASS">
          <reporter-output>
          </reporter-output>
        </test-method> <!-- quitDriver -->
      </class> <!-- QKART_TESTNG.QKART_Tests -->
    </test> <!-- Gradle test -->
  </suite> <!-- Gradle suite -->
</testng-results>
